// Jest Snapshot v1, https://goo.gl/fbAQLP

exports[`App test renders correctly 1`] = `
<Connect(Layout)>
  <Connect(Repos) />
</Connect(Layout)>
`;
