// Jest Snapshot v1, https://goo.gl/fbAQLP

exports[`TopBar test renders correctly 1`] = `
<Toolbar
  actions={
    <withInk(withTooltip(Button))
      icon={true}
      inkTransitionEnterTimeout={450}
      inkTransitionLeaveTimeout={300}
      inkTransitionOverlap={150}
    >
      replay
    </withInk(withTooltip(Button))>
  }
  colored={true}
  component="header"
  fixed={true}
  nav={
    <Avatar
      src="https://example-url/image.png"
      suffixes={
        Array [
          "red",
          "pink",
          "purple",
          "deep-purple",
          "indigo",
          "blue",
          "light-blue",
          "cyan",
          "teal",
          "green",
          "light-green",
          "lime",
          "yellow",
          "amber",
          "orange",
          "deep-orange",
          "brown",
          "grey",
          "blue-grey",
        ]
      }
    />
  }
  singleColor={true}
  title="login"
/>
`;
